go : internal\api\s
erver.go:7:2: 
missing go.sum 
entry for module 
providing package g
ithub.com/gin-gonic
/gin (imported by w
a-server-go/interna
l/api); to add:
At line:1 char:1
+ go build 
./cmd/server 2>&1 
> 
build_errors.txt; 
Get-Content 
build_erro ...
+ ~~~~~~~~~~~~~~~~~
~~~~~~~~~~~~~~~~~~~
~~~~~~~~~
    + CategoryInfo 
             : No  
  tSpecified: (i   
 nternal\api\se    
...l/api); to     
add::String) [    
], RemoteExcep    
tion
    + FullyQualifi 
   edErrorId : Na  
  tiveCommandErr   
 or
 
	go get wa-server-g
o/internal/api
internal\api\handle
rs\send.go:15:2: 
missing go.sum 
entry for module 
providing package g
o.mau.fi/whatsmeow 
(imported by wa-ser
ver-go/internal/wha
tsapp); to add:
	go get wa-server-g
o/internal/whatsapp
internal\api\handle
rs\send.go:16:2: 
missing go.sum 
entry for module 
providing package g
o.mau.fi/whatsmeow/
binary/proto 
(imported by wa-ser
ver-go/internal/wha
tsapp); to add:
	go get wa-server-g
o/internal/whatsapp
internal\api\handle
rs\send.go:17:2: 
missing go.sum 
entry for module 
providing package g
o.mau.fi/whatsmeow/
types (imported by 
wa-server-go/intern
al/whatsapp); to 
add:
	go get wa-server-g
o/internal/whatsapp
internal\api\handle
rs\send.go:18:2: 
missing go.sum 
entry for module 
providing package g
oogle.golang.org/pr
otobuf/proto 
(imported by wa-ser
ver-go/internal/api
/handlers); to add:
	go get wa-server-g
o/internal/api/hand
lers
internal\whatsapp\c
lient.go:16:2: 
missing go.sum 
entry for module 
providing package g
ithub.com/mattn/go-
sqlite3 (imported 
by wa-server-go/int
ernal/whatsapp); 
to add:
	go get wa-server-g
o/internal/whatsapp
internal\whatsapp\c
lient.go:9:2: 
missing go.sum 
entry for module 
providing package g
ithub.com/skip2/go-
qrcode (imported 
by wa-server-go/int
ernal/whatsapp); 
to add:
	go get wa-server-g
o/internal/whatsapp
internal\whatsapp\c
lient.go:11:2: 
missing go.sum 
entry for module 
providing package g
o.mau.fi/whatsmeow/
store (imported by 
wa-server-go/intern
al/whatsapp); to 
add:
	go get wa-server-g
o/internal/whatsapp
internal\whatsapp\c
lient.go:12:2: 
missing go.sum 
entry for module 
providing package g
o.mau.fi/whatsmeow/
store/sqlstore 
(imported by wa-ser
ver-go/internal/wha
tsapp); to add:
	go get wa-server-g
o/internal/whatsapp
internal\whatsapp\e
vents.go:6:2: 
missing go.sum 
entry for module 
providing package g
o.mau.fi/whatsmeow/
types/events 
(imported by wa-ser
ver-go/internal/wha
tsapp); to add:
	go get wa-server-g
o/internal/whatsapp
internal\whatsapp\c
lient.go:14:2: 
missing go.sum 
entry for module 
providing package g
o.mau.fi/whatsmeow/
util/log (imported 
by wa-server-go/int
ernal/whatsapp); 
to add:
	go get wa-server-g
o/internal/whatsapp
internal\api\websoc
ket\hub.go:11:2: 
missing go.sum 
entry for module 
providing package g
ithub.com/gorilla/w
ebsocket (imported 
by wa-server-go/int
ernal/api/websocket
); to add:
	go get wa-server-g
o/internal/api/webs
ocket
internal\config\con
fig.go:8:2: 
missing go.sum 
entry for module 
providing package g
ithub.com/joho/godo
tenv (imported by w
a-server-go/interna
l/config); to add:
	go get wa-server-g
o/internal/config
